MO SignExtender NULL SignExtender.v vlg70/_sign_extender.bin 1489090239
MO LEGv8 NULL LEGv8.v vlg32/_l_e_gv8.bin 1489090239
MO mux NULL mux.v vlg66/mux.bin 1489090239
MO Data_Memory NULL Data_Memory.v vlg0A/_data___memory.bin 1489090239
MO ALUControl NULL ALUControl.v vlg23/_a_l_u_control.bin 1489090239
MO registerfile NULL registerfile.v vlg29/registerfile.bin 1489090239
